[WA Gateway] API running on http://localhost:8080
[WA Gateway] QR Code generated. Please scan in Settings page.
[WA Gateway] QR Code generated. Please scan in Settings page.
[WA Gateway] QR Code generated. Please scan in Settings page.
[WA Gateway] QR Code generated. Please scan in Settings page.
[WA Gateway] QR Code generated. Please scan in Settings page.
[WA Gateway] QR Code generated. Please scan in Settings page.
[WA Gateway] Reset requested. Logging out...
[WA Gateway] Reset requested. Logging out...
[WA Gateway] Reset failed: Error: Attempted to use detached Frame 'ABD23206E6FFFC6E440C4696DC786C5A'.
    at CdpFrame.<anonymous> (/Users/rifdirectory/app/project/indotungkalnet/node_modules/puppeteer-core/lib/cjs/puppeteer/util/decorators.js:107:23)
    at CdpPage.evaluate (/Users/rifdirectory/app/project/indotungkalnet/node_modules/puppeteer-core/lib/cjs/puppeteer/api/Page.js:830:43)
    at Client.logout (/Users/rifdirectory/app/project/indotungkalnet/node_modules/whatsapp-web.js/src/Client.js:891:28)
    at file:///Users/rifdirectory/app/project/indotungkalnet/scripts/local-wa-gateway.mjs:66:22
    at Layer.handleRequest (/Users/rifdirectory/app/project/indotungkalnet/node_modules/router/lib/layer.js:152:17)
    at next (/Users/rifdirectory/app/project/indotungkalnet/node_modules/router/lib/route.js:157:13)
    at Route.dispatch (/Users/rifdirectory/app/project/indotungkalnet/node_modules/router/lib/route.js:117:3)
    at handle (/Users/rifdirectory/app/project/indotungkalnet/node_modules/router/index.js:435:11)
    at Layer.handleRequest (/Users/rifdirectory/app/project/indotungkalnet/node_modules/router/lib/layer.js:152:17)
    at /Users/rifdirectory/app/project/indotungkalnet/node_modules/router/index.js:295:15
    at processParams (/Users/rifdirectory/app/project/indotungkalnet/node_modules/router/index.js:582:12)
    at next (/Users/rifdirectory/app/project/indotungkalnet/node_modules/router/index.js:291:5)
    at read (/Users/rifdirectory/app/project/indotungkalnet/node_modules/body-parser/lib/read.js:62:5)
    at jsonParser (/Users/rifdirectory/app/project/indotungkalnet/node_modules/body-parser/lib/types/json.js:88:5)
    at Layer.handleRequest (/Users/rifdirectory/app/project/indotungkalnet/node_modules/router/lib/layer.js:152:17)
    at trimPrefix (/Users/rifdirectory/app/project/indotungkalnet/node_modules/router/index.js:342:13)
[WA Gateway] QR Code generated. Please scan in Settings page.
[WA Gateway] QR Code generated. Please scan in Settings page.
[WA Gateway] QR Code generated. Please scan in Settings page.
[WA Gateway] QR Code generated. Please scan in Settings page.
[WA Gateway] QR Code generated. Please scan in Settings page.
[WA Gateway] QR Code generated. Please scan in Settings page.
[WA Gateway] QR Code generated. Please scan in Settings page.
[WA Gateway] QR Code generated. Please scan in Settings page.
[WA Gateway] QR Code generated. Please scan in Settings page.
[WA Gateway] QR Code generated. Please scan in Settings page.
[WA Gateway] QR Code generated. Please scan in Settings page.
[WA Gateway] QR Code generated. Please scan in Settings page.
[WA Gateway] QR Code generated. Please scan in Settings page.
[WA Gateway] QR Code generated. Please scan in Settings page.
[WA Gateway] QR Code generated. Please scan in Settings page.
[WA Gateway] QR Code generated. Please scan in Settings page.
[WA Gateway] QR Code generated. Please scan in Settings page.
[WA Gateway] QR Code generated. Please scan in Settings page.
[WA Gateway] QR Code generated. Please scan in Settings page.
[WA Gateway] QR Code generated. Please scan in Settings page.
[WA Gateway] QR Code generated. Please scan in Settings page.
[WA Gateway] QR Code generated. Please scan in Settings page.
[WA Gateway] QR Code generated. Please scan in Settings page.
[WA Gateway] QR Code generated. Please scan in Settings page.
[WA Gateway] QR Code generated. Please scan in Settings page.
[WA Gateway] QR Code generated. Please scan in Settings page.
[WA Gateway] QR Code generated. Please scan in Settings page.
[WA Gateway] QR Code generated. Please scan in Settings page.
[WA Gateway] QR Code generated. Please scan in Settings page.
[WA Gateway] QR Code generated. Please scan in Settings page.
[WA Gateway] QR Code generated. Please scan in Settings page.
[WA Gateway] QR Code generated. Please scan in Settings page.
[WA Gateway] QR Code generated. Please scan in Settings page.
[WA Gateway] QR Code generated. Please scan in Settings page.
[WA Gateway] QR Code generated. Please scan in Settings page.
[WA Gateway] QR Code generated. Please scan in Settings page.
[WA Gateway] QR Code generated. Please scan in Settings page.
[WA Gateway] QR Code generated. Please scan in Settings page.
[WA Gateway] QR Code generated. Please scan in Settings page.
[WA Gateway] QR Code generated. Please scan in Settings page.
[WA Gateway] QR Code generated. Please scan in Settings page.
[WA Gateway] QR Code generated. Please scan in Settings page.
[WA Gateway] QR Code generated. Please scan in Settings page.
[WA Gateway] QR Code generated. Please scan in Settings page.
[WA Gateway] QR Code generated. Please scan in Settings page.
[WA Gateway] QR Code generated. Please scan in Settings page.
[WA Gateway] QR Code generated. Please scan in Settings page.
[WA Gateway] QR Code generated. Please scan in Settings page.
[WA Gateway] QR Code generated. Please scan in Settings page.
[WA Gateway] QR Code generated. Please scan in Settings page.
[WA Gateway] QR Code generated. Please scan in Settings page.
[WA Gateway] QR Code generated. Please scan in Settings page.
[WA Gateway] QR Code generated. Please scan in Settings page.
[WA Gateway] QR Code generated. Please scan in Settings page.
[WA Gateway] QR Code generated. Please scan in Settings page.
[WA Gateway] QR Code generated. Please scan in Settings page.
[WA Gateway] QR Code generated. Please scan in Settings page.
[WA Gateway] QR Code generated. Please scan in Settings page.
[WA Gateway] QR Code generated. Please scan in Settings page.
[WA Gateway] QR Code generated. Please scan in Settings page.
[WA Gateway] QR Code generated. Please scan in Settings page.
[WA Gateway] QR Code generated. Please scan in Settings page.
[WA Gateway] QR Code generated. Please scan in Settings page.
[WA Gateway] QR Code generated. Please scan in Settings page.
[WA Gateway] QR Code generated. Please scan in Settings page.
[WA Gateway] QR Code generated. Please scan in Settings page.
[WA Gateway] QR Code generated. Please scan in Settings page.
[WA Gateway] QR Code generated. Please scan in Settings page.
[WA Gateway] QR Code generated. Please scan in Settings page.
[WA Gateway] QR Code generated. Please scan in Settings page.
[WA Gateway] QR Code generated. Please scan in Settings page.
[WA Gateway] QR Code generated. Please scan in Settings page.
[WA Gateway] QR Code generated. Please scan in Settings page.
[WA Gateway] Rejecting send: Status is QR_REQUIRED
[WA Gateway] Rejecting send: Status is QR_REQUIRED
